<html>
<body>
<pre>
<h1>礦ision Build Log</h1>
<h2>Tool Versions:</h2>
IDE-Version: μVision V5.35.0.0
Copyright (C) 2021 ARM Ltd and ARM Germany GmbH. All rights reserved.
License Information: sad Administrator, aa, LIC=IK1BF-6550A-01TP1-CJ6SZ-DHAEX-H78U8
 
Tool Versions:
Toolchain:       MDK-ARM Plus  Version: 5.35.0.2
Toolchain Path:  D:\ARM\ARMCC\Bin
C Compiler:      Armcc.exe V5.06 update 7 (build 960)
Assembler:       Armasm.exe V5.06 update 7 (build 960)
Linker/Locator:  ArmLink.exe V5.06 update 7 (build 960)
Library Manager: ArmAr.exe V5.06 update 7 (build 960)
Hex Converter:   FromElf.exe V5.06 update 7 (build 960)
CPU DLL:         SARMCM3.DLL V5.35.0.2
Dialog DLL:      DCM.DLL V1.17.3.0
Target DLL:      STLink\ST-LINKIII-KEIL_SWO.dll V3.0.9.0
Dialog DLL:      TCM.DLL V1.53.0.0
 
<h2>Project:</h2>
D:\STM32\STM32F1\3，标准例程-HAL库版本\ALIENTEK MINISTM32 实验0-1 Template工程模板-新建工程章节使用\USER\Template.uvprojx
Project File Date:  12/26/2021

<h2>Output:</h2>
*** Using Compiler 'V5.06 update 7 (build 960)', folder: 'D:\ARM\ARMCC\Bin'
Build target 'Template'
compiling main.c...
compiling my.c...
..\SYSTEM\my\my.c(29): warning:  #186-D: pointless comparison of unsigned integer with zero
  		if(t<0) t=0;
..\SYSTEM\my\my.c(51): warning:  #223-D: function "LCD_Show_CH_Font16" declared implicitly
  		LCD_Show_CH_Font16(20,90,3);
..\SYSTEM\my\my.c(151): warning:  #223-D: function "abs" declared implicitly
  		if(abs(y2-y1)<=abs((x2-x1)))
..\SYSTEM\my\my.c(143): warning:  #177-D: variable "m"  was declared but never referenced
  	u8 n=0,m=0;
..\SYSTEM\my\my.c(197): warning:  #177-D: variable "m"  was declared but never referenced
  	u8 m=0,n=0;
..\SYSTEM\my\my.c(408): warning:  #223-D: function "LCD_Show_CH_Font16" declared implicitly
  	LCD_Show_CH_Font16(30,0,11);
..\SYSTEM\my\my.c(418): warning:  #177-D: variable "j"  was declared but never referenced
  	int i=0,j=0;
..\SYSTEM\my\my.c(432): warning:  #177-D: variable "i"  was declared but never referenced
  	int i=9,j,t=0,n;
..\SYSTEM\my\my.c(432): warning:  #177-D: variable "j"  was declared but never referenced
  	int i=9,j,t=0,n;
..\SYSTEM\my\my.c(432): warning:  #177-D: variable "t"  was declared but never referenced
  	int i=9,j,t=0,n;
..\SYSTEM\my\my.c(435): warning:  #177-D: variable "ff1"  was declared but never referenced
  	int ff1=0,ff2=0,ff3=0,ff4=0,ff5=0;
..\SYSTEM\my\my.c(435): warning:  #177-D: variable "ff2"  was declared but never referenced
  	int ff1=0,ff2=0,ff3=0,ff4=0,ff5=0;
..\SYSTEM\my\my.c(435): warning:  #177-D: variable "ff3"  was declared but never referenced
  	int ff1=0,ff2=0,ff3=0,ff4=0,ff5=0;
..\SYSTEM\my\my.c(435): warning:  #177-D: variable "ff4"  was declared but never referenced
  	int ff1=0,ff2=0,ff3=0,ff4=0,ff5=0;
..\SYSTEM\my\my.c(435): warning:  #177-D: variable "ff5"  was declared but never referenced
  	int ff1=0,ff2=0,ff3=0,ff4=0,ff5=0;
..\SYSTEM\my\my.c(475): warning:  #177-D: variable "j"  was declared but never referenced
  	int i,j,t;
..\SYSTEM\my\my.c(475): warning:  #177-D: variable "t"  was declared but never referenced
  	int i,j,t;
..\SYSTEM\my\my.c: 17 warnings, 0 errors
linking...
Program Size: Code=14906 RO-data=5954 RW-data=68 ZI-data=4340  
FromELF: creating hex file...
"..\OBJ\Template.axf" - 0 Error(s), 17 Warning(s).

<h2>Software Packages used:</h2>

Package Vendor: Keil
                http://www.keil.com/pack/Keil.STM32F1xx_DFP.2.3.0.pack
                Keil.STM32F1xx_DFP.2.3.0
                STMicroelectronics STM32F1 Series Device Support, Drivers and Examples

<h2>Collection of Component include folders:</h2>
  C:\Users\Administrator\AppData\Local\Arm\Packs\Keil\STM32F1xx_DFP\2.3.0\Device\Include

<h2>Collection of Component Files used:</h2>
Build Time Elapsed:  00:00:06
</pre>
</body>
</html>
